errrrrrooooooooooorr!!!!!!!!!